// Jest Snapshot v1, https://goo.gl/fbAQLP

exports[`/versions GET /versions should get the api info 1`] = `
{
  "databases": [
    {
      "status": "connected",
      "type": "mongodb",
      "version": "8.2.1",
    },
  ],
  "environment": "test",
  "name": "plutus-test",
  "version": "1.0.0",
}
`;
